---
source: zellij-utils/src/kdl/mod.rs
assertion_line: 5535
expression: fake_config_stringified
---
keybinds clear-defaults=true {
    
}
plugins {
    compact-bar location="zellij:compact-bar"
    configuration location="zellij:configuration"
    filepicker location="zellij:strider" {
        cwd "/"
    }
    plugin-manager location="zellij:plugin-manager"
    session-manager location="zellij:session-manager"
    status-bar location="zellij:status-bar"
    strider location="zellij:strider"
    tab-bar location="zellij:tab-bar"
    welcome-screen location="zellij:session-manager" {
        welcome_screen true
    }
}
load_plugins {
}

